Loading Dataset ...
0it [00:00, ?it/s]0it [00:00, ?it/s]
Loading Dataset ...
0it [00:00, ?it/s]0it [00:00, ?it/s]
Loading Dataset ...
  0%|          | 0/8 [00:00<?, ?it/s]17_49 Normal Add-1/2 teaspoon of chat masala powder to the bowl is not in dict, therefore we assign it to Other
17_49 Normal Add-1/2 teaspoon of chat masala powder to the bowl is not in dict, therefore we assign it to Other
17_49 Normal Add-1/2 teaspoon of chat masala powder to the bowl is not in dict, therefore we assign it to Other
17_49 Normal Add-1/2 teaspoon of chat masala powder to the bowl is not in dict, therefore we assign it to Other
17_49 Normal Add-1/2 teaspoon of chat masala powder to the bowl is not in dict, therefore we assign it to Other
17_49 Normal Add-1/2 teaspoon of chat masala powder to the bowl is not in dict, therefore we assign it to Other
17_49 Normal Add-1/2 teaspoon of chat masala powder to the bowl is not in dict, therefore we assign it to Other
17_49 Normal Add-1/2 teaspoon of chat masala powder to the bowl is not in dict, therefore we assign it to Other
17_49 Normal Add-1/2 teaspoon of chat masala powder to the bowl is not in dict, therefore we assign it to Other
17_49 Normal Add-1/2 teaspoon of chat masala powder to the bowl is not in dict, therefore we assign it to Other
17_49 Normal Add-1/2 teaspoon of chat masala powder to the bowl is not in dict, therefore we assign it to Other
17_49 Normal Add-1/2 teaspoon of chat masala powder to the bowl is not in dict, therefore we assign it to Other
17_49 Normal Add-1/2 teaspoon of chat masala powder to the bowl is not in dict, therefore we assign it to Other
17_49 Normal Add-1/2 teaspoon of chat masala powder to the bowl is not in dict, therefore we assign it to Other
17_49 Normal Add-1/2 teaspoon of chat masala powder to the bowl is not in dict, therefore we assign it to Other
17_49 Normal Add-1/2 teaspoon of chat masala powder to the bowl is not in dict, therefore we assign it to Other
17_49 Normal Add-1/2 teaspoon of chat masala powder to the bowl is not in dict, therefore we assign it to Other
17_49 Normal Add-1/2 teaspoon of chat masala powder to the bowl is not in dict, therefore we assign it to Other
17_49 Normal Add-1/2 teaspoon of chat masala powder to the bowl is not in dict, therefore we assign it to Other
17_49 Normal Add-1/2 teaspoon of chat masala powder to the bowl is not in dict, therefore we assign it to Other
17_49 Normal Add-1/2 teaspoon of chat masala powder to the bowl is not in dict, therefore we assign it to Other
17_49 Normal Add-1/2 teaspoon of chat masala powder to the bowl is not in dict, therefore we assign it to Other
17_49 Normal Add-1/2 teaspoon of chat masala powder to the bowl is not in dict, therefore we assign it to Other
17_49 Normal Add-1/2 teaspoon of chat masala powder to the bowl is not in dict, therefore we assign it to Other
17_49 Normal Add-1/2 teaspoon of chat masala powder to the bowl is not in dict, therefore we assign it to Other
17_49 Normal Add-1/2 teaspoon of chat masala powder to the bowl is not in dict, therefore we assign it to Other
17_49 Normal Add-1/2 teaspoon of chat masala powder to the bowl is not in dict, therefore we assign it to Other
17_49 Normal Add-1/2 teaspoon of chat masala powder to the bowl is not in dict, therefore we assign it to Other
17_49 Normal Add-1/2 teaspoon of chat masala powder to the bowl is not in dict, therefore we assign it to Other
17_49 Normal Add-1/2 teaspoon of chat masala powder to the bowl is not in dict, therefore we assign it to Other
17_49 Normal Add-1/2 teaspoon of chat masala powder to the bowl is not in dict, therefore we assign it to Other
17_49 Normal Add-1/2 teaspoon of chat masala powder to the bowl is not in dict, therefore we assign it to Other
17_49 Normal Add-1/2 teaspoon of chat masala powder to the bowl is not in dict, therefore we assign it to Other
17_49 Normal Add-1/2 teaspoon of chat masala powder to the bowl is not in dict, therefore we assign it to Other
17_49 Normal Add-1/2 teaspoon of chat masala powder to the bowl is not in dict, therefore we assign it to Other
17_49 Normal Add-1/2 teaspoon of chat masala powder to the bowl is not in dict, therefore we assign it to Other
17_49 Normal Add-1/2 teaspoon of chat masala powder to the bowl is not in dict, therefore we assign it to Other
17_49 Normal Add-1/2 teaspoon of chat masala powder to the bowl is not in dict, therefore we assign it to Other
17_49 Normal Add-1/2 teaspoon of chat masala powder to the bowl is not in dict, therefore we assign it to Other
17_49 Normal Add-1/2 teaspoon of chat masala powder to the bowl is not in dict, therefore we assign it to Other
17_49 Normal Add-1/2 teaspoon of chat masala powder to the bowl is not in dict, therefore we assign it to Other
17_49 Normal Add-1/2 teaspoon of chat masala powder to the bowl is not in dict, therefore we assign it to Other
17_49 Normal Add-1/2 teaspoon of chat masala powder to the bowl is not in dict, therefore we assign it to Other
17_49 Normal Add-1/2 teaspoon of chat masala powder to the bowl is not in dict, therefore we assign it to Other
17_49 Normal Add-1/2 teaspoon of chat masala powder to the bowl is not in dict, therefore we assign it to Other
17_49 Normal Add-1/2 teaspoon of chat masala powder to the bowl is not in dict, therefore we assign it to Other
17_49 Normal Add-1/2 teaspoon of chat masala powder to the bowl is not in dict, therefore we assign it to Other
17_49 Normal Add-1/2 teaspoon of chat masala powder to the bowl is not in dict, therefore we assign it to Other
17_49 Normal Add-1/2 teaspoon of chat masala powder to the bowl is not in dict, therefore we assign it to Other
17_49 Normal Add-1/2 teaspoon of chat masala powder to the bowl is not in dict, therefore we assign it to Other
17_49 Normal Add-1/2 teaspoon of chat masala powder to the bowl is not in dict, therefore we assign it to Other
17_49 Normal Add-1/2 teaspoon of chat masala powder to the bowl is not in dict, therefore we assign it to Other
17_49 Normal Add-1/2 teaspoon of chat masala powder to the bowl is not in dict, therefore we assign it to Other
17_49 Normal Add-1/2 teaspoon of chat masala powder to the bowl is not in dict, therefore we assign it to Other
17_49 Normal Add-1/2 teaspoon of chat masala powder to the bowl is not in dict, therefore we assign it to Other
17_49 Normal Add-1/2 teaspoon of chat masala powder to the bowl is not in dict, therefore we assign it to Other
17_49 Normal Add-1/2 teaspoon of chat masala powder to the bowl is not in dict, therefore we assign it to Other
17_49 Normal Add-1/2 teaspoon of chat masala powder to the bowl is not in dict, therefore we assign it to Other
17_49 Normal Add-1/2 teaspoon of chat masala powder to the bowl is not in dict, therefore we assign it to Other
17_49 Normal Add-1/2 teaspoon of chat masala powder to the bowl is not in dict, therefore we assign it to Other
17_49 Normal Add-1/2 teaspoon of chat masala powder to the bowl is not in dict, therefore we assign it to Other
17_49 Normal Add-1/2 teaspoon of chat masala powder to the bowl is not in dict, therefore we assign it to Other
17_49 Normal Add-1/2 teaspoon of chat masala powder to the bowl is not in dict, therefore we assign it to Other
17_49 Normal Add-1/2 teaspoon of chat masala powder to the bowl is not in dict, therefore we assign it to Other
17_49 Normal Add-1/2 teaspoon of chat masala powder to the bowl is not in dict, therefore we assign it to Other
17_49 Normal Add-1/2 teaspoon of chat masala powder to the bowl is not in dict, therefore we assign it to Other
17_49 Normal Add-1/2 teaspoon of chat masala powder to the bowl is not in dict, therefore we assign it to Other
17_49 Normal Add-1/2 teaspoon of chat masala powder to the bowl is not in dict, therefore we assign it to Other
17_49 Normal Add-1/2 teaspoon of chat masala powder to the bowl is not in dict, therefore we assign it to Other
17_49 Normal Add-1/2 teaspoon of chat masala powder to the bowl is not in dict, therefore we assign it to Other
17_49 Normal Add-1/2 teaspoon of chat masala powder to the bowl is not in dict, therefore we assign it to Other
17_49 Normal Add-1/2 teaspoon of chat masala powder to the bowl is not in dict, therefore we assign it to Other
17_49 Normal Add-1/2 teaspoon of chat masala powder to the bowl is not in dict, therefore we assign it to Other
17_49 Normal Add-1/2 teaspoon of chat masala powder to the bowl is not in dict, therefore we assign it to Other
17_49 Normal Add-1/2 teaspoon of chat masala powder to the bowl is not in dict, therefore we assign it to Other
17_49 Normal Add-1/2 teaspoon of chat masala powder to the bowl is not in dict, therefore we assign it to Other
17_49 Normal Add-1/2 teaspoon of chat masala powder to the bowl is not in dict, therefore we assign it to Other
17_49 Normal Add-1/2 teaspoon of chat masala powder to the bowl is not in dict, therefore we assign it to Other
17_49 Normal Add-1/2 teaspoon of chat masala powder to the bowl is not in dict, therefore we assign it to Other
17_49 Normal Add-1/2 teaspoon of chat masala powder to the bowl is not in dict, therefore we assign it to Other
17_49 Normal Add-1/2 teaspoon of chat masala powder to the bowl is not in dict, therefore we assign it to Other
17_49 Normal Add-1/2 teaspoon of chat masala powder to the bowl is not in dict, therefore we assign it to Other
17_49 Normal Add-1/2 teaspoon of chat masala powder to the bowl is not in dict, therefore we assign it to Other
17_49 Normal Add-1/2 teaspoon of chat masala powder to the bowl is not in dict, therefore we assign it to Other
17_49 Normal Add-1/2 teaspoon of chat masala powder to the bowl is not in dict, therefore we assign it to Other
17_49 Normal Add-1/2 teaspoon of chat masala powder to the bowl is not in dict, therefore we assign it to Other
17_49 Normal Add-1/2 teaspoon of chat masala powder to the bowl is not in dict, therefore we assign it to Other
17_49 Normal Add-1/2 teaspoon of chat masala powder to the bowl is not in dict, therefore we assign it to Other
17_49 Normal Add-1/2 teaspoon of chat masala powder to the bowl is not in dict, therefore we assign it to Other
17_49 Normal Add-1/2 teaspoon of chat masala powder to the bowl is not in dict, therefore we assign it to Other
17_49 Normal Add-1/2 teaspoon of chat masala powder to the bowl is not in dict, therefore we assign it to Other
17_49 Normal Add-1/2 teaspoon of chat masala powder to the bowl is not in dict, therefore we assign it to Other
17_49 Normal Add-1/2 teaspoon of chat masala powder to the bowl is not in dict, therefore we assign it to Other
17_49 Normal Add-1/2 teaspoon of chat masala powder to the bowl is not in dict, therefore we assign it to Other
17_49 Normal Add-1/2 teaspoon of chat masala powder to the bowl is not in dict, therefore we assign it to Other
17_49 Normal Add-1/2 teaspoon of chat masala powder to the bowl is not in dict, therefore we assign it to Other
17_49 Normal Add-1/2 teaspoon of chat masala powder to the bowl is not in dict, therefore we assign it to Other
17_49 Normal Add-1/2 teaspoon of chat masala powder to the bowl is not in dict, therefore we assign it to Other
17_49 Normal Add-1/2 teaspoon of chat masala powder to the bowl is not in dict, therefore we assign it to Other
17_49 Normal Add-1/2 teaspoon of chat masala powder to the bowl is not in dict, therefore we assign it to Other
17_49 Normal Add-1/2 teaspoon of chat masala powder to the bowl is not in dict, therefore we assign it to Other
17_49 Normal Add-1/2 teaspoon of chat masala powder to the bowl is not in dict, therefore we assign it to Other
17_49 Normal Add-1/2 teaspoon of chat masala powder to the bowl is not in dict, therefore we assign it to Other
17_49 Normal Add-1/2 teaspoon of chat masala powder to the bowl is not in dict, therefore we assign it to Other
17_49 Normal Add-1/2 teaspoon of chat masala powder to the bowl is not in dict, therefore we assign it to Other
17_49 Normal Add-1/2 teaspoon of chat masala powder to the bowl is not in dict, therefore we assign it to Other
17_49 Normal Add-1/2 teaspoon of chat masala powder to the bowl is not in dict, therefore we assign it to Other
17_49 Normal Add-1/2 teaspoon of chat masala powder to the bowl is not in dict, therefore we assign it to Other
17_49 Normal Add-1/2 teaspoon of chat masala powder to the bowl is not in dict, therefore we assign it to Other
17_49 Normal Add-1/2 teaspoon of chat masala powder to the bowl is not in dict, therefore we assign it to Other
17_49 Normal Add-1/2 teaspoon of chat masala powder to the bowl is not in dict, therefore we assign it to Other
17_49 Normal Add-1/2 teaspoon of chat masala powder to the bowl is not in dict, therefore we assign it to Other
17_49 Normal Add-1/2 teaspoon of chat masala powder to the bowl is not in dict, therefore we assign it to Other
17_49 Normal Add-1/2 teaspoon of chat masala powder to the bowl is not in dict, therefore we assign it to Other
17_49 Normal Add-1/2 teaspoon of chat masala powder to the bowl is not in dict, therefore we assign it to Other
17_49 Normal Add-1/2 teaspoon of chat masala powder to the bowl is not in dict, therefore we assign it to Other
17_49 Normal Add-1/2 teaspoon of chat masala powder to the bowl is not in dict, therefore we assign it to Other
17_49 Normal Add-1/2 teaspoon of chat masala powder to the bowl is not in dict, therefore we assign it to Other
17_49 Normal Add-1/2 teaspoon of chat masala powder to the bowl is not in dict, therefore we assign it to Other
17_49 Normal Add-1/2 teaspoon of chat masala powder to the bowl is not in dict, therefore we assign it to Other
17_49 Normal Add-1/2 teaspoon of chat masala powder to the bowl is not in dict, therefore we assign it to Other
17_49 Normal Add-1/2 teaspoon of chat masala powder to the bowl is not in dict, therefore we assign it to Other
17_49 Normal Add-1/2 teaspoon of chat masala powder to the bowl is not in dict, therefore we assign it to Other
17_49 Normal Add-1/2 teaspoon of chat masala powder to the bowl is not in dict, therefore we assign it to Other
17_49 Normal Add-1/2 teaspoon of chat masala powder to the bowl is not in dict, therefore we assign it to Other
17_49 Normal Add-1/2 teaspoon of chat masala powder to the bowl is not in dict, therefore we assign it to Other
17_49 Normal Add-1/2 teaspoon of chat masala powder to the bowl is not in dict, therefore we assign it to Other
17_49 Normal Add-1/2 teaspoon of chat masala powder to the bowl is not in dict, therefore we assign it to Other
17_49 Normal Add-1/2 teaspoon of chat masala powder to the bowl is not in dict, therefore we assign it to Other
17_49 Normal Add-1/2 teaspoon of chat masala powder to the bowl is not in dict, therefore we assign it to Other
17_49 Normal Add-1/2 teaspoon of chat masala powder to the bowl is not in dict, therefore we assign it to Other
17_49 Normal Add-1/2 teaspoon of chat masala powder to the bowl is not in dict, therefore we assign it to Other
17_49 Normal Add-1/2 teaspoon of chat masala powder to the bowl is not in dict, therefore we assign it to Other
17_49 Normal Add-1/2 teaspoon of chat masala powder to the bowl is not in dict, therefore we assign it to Other
17_49 Normal Add-1/2 teaspoon of chat masala powder to the bowl is not in dict, therefore we assign it to Other
17_49 Normal Add-1/2 teaspoon of chat masala powder to the bowl is not in dict, therefore we assign it to Other
17_49 Normal Add-1/2 teaspoon of chat masala powder to the bowl is not in dict, therefore we assign it to Other
17_49 Normal Add-1/2 teaspoon of chat masala powder to the bowl is not in dict, therefore we assign it to Other
17_49 Normal Add-1/2 teaspoon of chat masala powder to the bowl is not in dict, therefore we assign it to Other
17_49 Normal Add-1/2 teaspoon of chat masala powder to the bowl is not in dict, therefore we assign it to Other
17_49 Normal Add-1/2 teaspoon of chat masala powder to the bowl is not in dict, therefore we assign it to Other
17_49 Normal Add-1/2 teaspoon of chat masala powder to the bowl is not in dict, therefore we assign it to Other
17_49 Normal Add-1/2 teaspoon of chat masala powder to the bowl is not in dict, therefore we assign it to Other
17_49 Normal Add-1/2 teaspoon of chat masala powder to the bowl is not in dict, therefore we assign it to Other
17_49 Normal Add-1/2 teaspoon of chat masala powder to the bowl is not in dict, therefore we assign it to Other
17_49 Normal Add-1/2 teaspoon of chat masala powder to the bowl is not in dict, therefore we assign it to Other
17_49 Normal Add-1/2 teaspoon of chat masala powder to the bowl is not in dict, therefore we assign it to Other
17_49 Normal Add-1/2 teaspoon of chat masala powder to the bowl is not in dict, therefore we assign it to Other
17_49 Normal Add-1/2 teaspoon of chat masala powder to the bowl is not in dict, therefore we assign it to Other
17_49 Normal Add-1/2 teaspoon of chat masala powder to the bowl is not in dict, therefore we assign it to Other
17_49 Normal Add-1/2 teaspoon of chat masala powder to the bowl is not in dict, therefore we assign it to Other
17_49 Normal Add-1/2 teaspoon of chat masala powder to the bowl is not in dict, therefore we assign it to Other
17_49 Normal Add-1/2 teaspoon of chat masala powder to the bowl is not in dict, therefore we assign it to Other
17_49 Normal Add-1/2 teaspoon of chat masala powder to the bowl is not in dict, therefore we assign it to Other
17_49 Normal Add-1/2 teaspoon of chat masala powder to the bowl is not in dict, therefore we assign it to Other
17_49 Normal Add-1/2 teaspoon of chat masala powder to the bowl is not in dict, therefore we assign it to Other
17_49 Normal Add-1/2 teaspoon of chat masala powder to the bowl is not in dict, therefore we assign it to Other
17_49 Normal Add-1/2 teaspoon of chat masala powder to the bowl is not in dict, therefore we assign it to Other
17_49 Normal Add-1/2 teaspoon of chat masala powder to the bowl is not in dict, therefore we assign it to Other
17_49 Normal Add-1/2 teaspoon of chat masala powder to the bowl is not in dict, therefore we assign it to Other
17_49 Normal Add-1/2 teaspoon of chat masala powder to the bowl is not in dict, therefore we assign it to Other
17_49 Normal Add-1/2 teaspoon of chat masala powder to the bowl is not in dict, therefore we assign it to Other
17_49 Normal Add-1/2 teaspoon of chat masala powder to the bowl is not in dict, therefore we assign it to Other
17_49 Normal Add-1/2 teaspoon of chat masala powder to the bowl is not in dict, therefore we assign it to Other
17_49 Normal Add-1/2 teaspoon of chat masala powder to the bowl is not in dict, therefore we assign it to Other
17_49 Normal Add-1/2 teaspoon of chat masala powder to the bowl is not in dict, therefore we assign it to Other
17_49 Normal Add-1/2 teaspoon of chat masala powder to the bowl is not in dict, therefore we assign it to Other
17_49 Normal Add-1/2 teaspoon of chat masala powder to the bowl is not in dict, therefore we assign it to Other
17_49 Normal Add-1/2 teaspoon of chat masala powder to the bowl is not in dict, therefore we assign it to Other
17_49 Normal Add-1/2 teaspoon of chat masala powder to the bowl is not in dict, therefore we assign it to Other
17_49 Normal Add-1/2 teaspoon of chat masala powder to the bowl is not in dict, therefore we assign it to Other
17_49 Normal Add-1/2 teaspoon of chat masala powder to the bowl is not in dict, therefore we assign it to Other
17_49 Normal Add-1/2 teaspoon of chat masala powder to the bowl is not in dict, therefore we assign it to Other
17_49 Normal Add-1/2 teaspoon of chat masala powder to the bowl is not in dict, therefore we assign it to Other
17_49 Normal Add-1/2 teaspoon of chat masala powder to the bowl is not in dict, therefore we assign it to Other
17_49 Normal Add-1/2 teaspoon of chat masala powder to the bowl is not in dict, therefore we assign it to Other
17_49 Normal Add-1/2 teaspoon of chat masala powder to the bowl is not in dict, therefore we assign it to Other
17_49 Normal Add-1/2 teaspoon of chat masala powder to the bowl is not in dict, therefore we assign it to Other
17_49 Normal Add-1/2 teaspoon of chat masala powder to the bowl is not in dict, therefore we assign it to Other
17_49 Normal Add-1/2 teaspoon of chat masala powder to the bowl is not in dict, therefore we assign it to Other
17_49 Normal Add-1/2 teaspoon of chat masala powder to the bowl is not in dict, therefore we assign it to Other
17_49 Normal Add-1/2 teaspoon of chat masala powder to the bowl is not in dict, therefore we assign it to Other
17_49 Normal Add-1/2 teaspoon of chat masala powder to the bowl is not in dict, therefore we assign it to Other
17_49 Normal Add-1/2 teaspoon of chat masala powder to the bowl is not in dict, therefore we assign it to Other
17_49 Normal Add-1/2 teaspoon of chat masala powder to the bowl is not in dict, therefore we assign it to Other
17_49 Normal Add-1/2 teaspoon of chat masala powder to the bowl is not in dict, therefore we assign it to Other
17_49 Normal Add-1/2 teaspoon of chat masala powder to the bowl is not in dict, therefore we assign it to Other
17_49 Normal Add-1/2 teaspoon of chat masala powder to the bowl is not in dict, therefore we assign it to Other
17_49 Normal Add-1/2 teaspoon of chat masala powder to the bowl is not in dict, therefore we assign it to Other
17_49 Normal Add-1/2 teaspoon of chat masala powder to the bowl is not in dict, therefore we assign it to Other
17_49 Normal Add-1/2 teaspoon of chat masala powder to the bowl is not in dict, therefore we assign it to Other
17_49 Normal Add-1/2 teaspoon of chat masala powder to the bowl is not in dict, therefore we assign it to Other
17_49 Normal Add-1/2 teaspoon of chat masala powder to the bowl is not in dict, therefore we assign it to Other
17_49 Normal Add-1/2 teaspoon of chat masala powder to the bowl is not in dict, therefore we assign it to Other
17_49 Normal Add-1/2 teaspoon of chat masala powder to the bowl is not in dict, therefore we assign it to Other
17_49 Normal Add-1/2 teaspoon of chat masala powder to the bowl is not in dict, therefore we assign it to Other
17_49 Normal Add-1/2 teaspoon of chat masala powder to the bowl is not in dict, therefore we assign it to Other
17_49 Normal Add-1/2 teaspoon of chat masala powder to the bowl is not in dict, therefore we assign it to Other
17_49 Normal Add-1/2 teaspoon of chat masala powder to the bowl is not in dict, therefore we assign it to Other
17_49 Normal Add-1/2 teaspoon of chat masala powder to the bowl is not in dict, therefore we assign it to Other
17_49 Normal Add-1/2 teaspoon of chat masala powder to the bowl is not in dict, therefore we assign it to Other
17_49 Normal Add-1/2 teaspoon of chat masala powder to the bowl is not in dict, therefore we assign it to Other
17_49 Normal Add-1/2 teaspoon of chat masala powder to the bowl is not in dict, therefore we assign it to Other
17_49 Normal Add-1/2 teaspoon of chat masala powder to the bowl is not in dict, therefore we assign it to Other
17_49 Normal Add-1/2 teaspoon of chat masala powder to the bowl is not in dict, therefore we assign it to Other
17_49 Normal Add-1/2 teaspoon of chat masala powder to the bowl is not in dict, therefore we assign it to Other
17_49 Normal Add-1/2 teaspoon of chat masala powder to the bowl is not in dict, therefore we assign it to Other
17_49 Normal Add-1/2 teaspoon of chat masala powder to the bowl is not in dict, therefore we assign it to Other
17_49 Normal Add-1/2 teaspoon of chat masala powder to the bowl is not in dict, therefore we assign it to Other
17_49 Normal Add-1/2 teaspoon of chat masala powder to the bowl is not in dict, therefore we assign it to Other
17_49 Normal Add-1/2 teaspoon of chat masala powder to the bowl is not in dict, therefore we assign it to Other
17_49 Normal Add-1/2 teaspoon of chat masala powder to the bowl is not in dict, therefore we assign it to Other
17_49 Normal Add-1/2 teaspoon of chat masala powder to the bowl is not in dict, therefore we assign it to Other
17_49 Normal Add-1/2 teaspoon of chat masala powder to the bowl is not in dict, therefore we assign it to Other
17_49 Normal Add-1/2 teaspoon of chat masala powder to the bowl is not in dict, therefore we assign it to Other
17_49 Normal Add-1/2 teaspoon of chat masala powder to the bowl is not in dict, therefore we assign it to Other
17_49 Normal Add-1/2 teaspoon of chat masala powder to the bowl is not in dict, therefore we assign it to Other
17_49 Normal Add-1/2 teaspoon of chat masala powder to the bowl is not in dict, therefore we assign it to Other
17_49 Normal Add-1/2 teaspoon of chat masala powder to the bowl is not in dict, therefore we assign it to Other
17_49 Normal Add-1/2 teaspoon of chat masala powder to the bowl is not in dict, therefore we assign it to Other
17_49 Normal Add-1/2 teaspoon of chat masala powder to the bowl is not in dict, therefore we assign it to Other
17_49 Normal Add-1/2 teaspoon of chat masala powder to the bowl is not in dict, therefore we assign it to Other
17_49 Normal Add-1/2 teaspoon of chat masala powder to the bowl is not in dict, therefore we assign it to Other
17_49 Normal Add-1/2 teaspoon of chat masala powder to the bowl is not in dict, therefore we assign it to Other
17_49 Normal Add-1/2 teaspoon of chat masala powder to the bowl is not in dict, therefore we assign it to Other
17_49 Normal Add-1/2 teaspoon of chat masala powder to the bowl is not in dict, therefore we assign it to Other
17_49 Normal Add-1/2 teaspoon of chat masala powder to the bowl is not in dict, therefore we assign it to Other
17_49 Normal Add-1/2 teaspoon of chat masala powder to the bowl is not in dict, therefore we assign it to Other
17_49 Normal Add-1/2 teaspoon of chat masala powder to the bowl is not in dict, therefore we assign it to Other
17_49 Normal Add-1/2 teaspoon of chat masala powder to the bowl is not in dict, therefore we assign it to Other
17_49 Normal Add-1/2 teaspoon of chat masala powder to the bowl is not in dict, therefore we assign it to Other
17_49 Normal Add-1/2 teaspoon of chat masala powder to the bowl is not in dict, therefore we assign it to Other
17_49 Normal Add-1/2 teaspoon of chat masala powder to the bowl is not in dict, therefore we assign it to Other
17_49 Normal Add-1/2 teaspoon of chat masala powder to the bowl is not in dict, therefore we assign it to Other
17_49 Normal Add-1/2 teaspoon of chat masala powder to the bowl is not in dict, therefore we assign it to Other
17_49 Normal Add-1/2 teaspoon of chat masala powder to the bowl is not in dict, therefore we assign it to Other
17_49 Normal Add-1/2 teaspoon of chat masala powder to the bowl is not in dict, therefore we assign it to Other
17_49 Normal Add-1/2 teaspoon of chat masala powder to the bowl is not in dict, therefore we assign it to Other
17_49 Normal Add-1/2 teaspoon of chat masala powder to the bowl is not in dict, therefore we assign it to Other
17_49 Normal Add-1/2 teaspoon of chat masala powder to the bowl is not in dict, therefore we assign it to Other
17_49 Normal Add-1/2 teaspoon of chat masala powder to the bowl is not in dict, therefore we assign it to Other
17_49 Normal Add-1/2 teaspoon of chat masala powder to the bowl is not in dict, therefore we assign it to Other
17_49 Normal Add-1/2 teaspoon of chat masala powder to the bowl is not in dict, therefore we assign it to Other
17_49 Normal Add-1/2 teaspoon of chat masala powder to the bowl is not in dict, therefore we assign it to Other
17_49 Normal Add-1/2 teaspoon of chat masala powder to the bowl is not in dict, therefore we assign it to Other
17_49 Normal Add-1/2 teaspoon of chat masala powder to the bowl is not in dict, therefore we assign it to Other
17_49 Normal Add-1/2 teaspoon of chat masala powder to the bowl is not in dict, therefore we assign it to Other
17_49 Normal Add-1/2 teaspoon of chat masala powder to the bowl is not in dict, therefore we assign it to Other
17_49 Normal Add-1/2 teaspoon of chat masala powder to the bowl is not in dict, therefore we assign it to Other
17_49 Normal Add-1/2 teaspoon of chat masala powder to the bowl is not in dict, therefore we assign it to Other
17_49 Normal Add-1/2 teaspoon of chat masala powder to the bowl is not in dict, therefore we assign it to Other
17_49 Normal Add-1/2 teaspoon of chat masala powder to the bowl is not in dict, therefore we assign it to Other
17_49 Normal Add-1/2 teaspoon of chat masala powder to the bowl is not in dict, therefore we assign it to Other
17_49 Normal Add-1/2 teaspoon of chat masala powder to the bowl is not in dict, therefore we assign it to Other
17_49 Normal Add-1/2 teaspoon of chat masala powder to the bowl is not in dict, therefore we assign it to Other
17_49 Normal Add-1/2 teaspoon of chat masala powder to the bowl is not in dict, therefore we assign it to Other
17_49 Normal Add-1/2 teaspoon of chat masala powder to the bowl is not in dict, therefore we assign it to Other
17_49 Normal Add-1/2 teaspoon of chat masala powder to the bowl is not in dict, therefore we assign it to Other
17_49 Normal Add-1/2 teaspoon of chat masala powder to the bowl is not in dict, therefore we assign it to Other
17_49 Normal Add-1/2 teaspoon of chat masala powder to the bowl is not in dict, therefore we assign it to Other
17_49 Normal Add-1/2 teaspoon of chat masala powder to the bowl is not in dict, therefore we assign it to Other
17_49 Normal Add-1/2 teaspoon of chat masala powder to the bowl is not in dict, therefore we assign it to Other
17_49 Normal Add-1/2 teaspoon of chat masala powder to the bowl is not in dict, therefore we assign it to Other
17_49 Normal Add-1/2 teaspoon of chat masala powder to the bowl is not in dict, therefore we assign it to Other
17_49 Normal Add-1/2 teaspoon of chat masala powder to the bowl is not in dict, therefore we assign it to Other
17_49 Normal Add-1/2 teaspoon of chat masala powder to the bowl is not in dict, therefore we assign it to Other
17_49 Normal Add-1/2 teaspoon of chat masala powder to the bowl is not in dict, therefore we assign it to Other
17_49 Normal Add-1/2 teaspoon of chat masala powder to the bowl is not in dict, therefore we assign it to Other
17_49 Normal Add-1/2 teaspoon of chat masala powder to the bowl is not in dict, therefore we assign it to Other
17_49 Normal Add-1/2 teaspoon of chat masala powder to the bowl is not in dict, therefore we assign it to Other
17_49 Normal Add-1/2 teaspoon of chat masala powder to the bowl is not in dict, therefore we assign it to Other
17_49 Normal Add-1/2 teaspoon of chat masala powder to the bowl is not in dict, therefore we assign it to Other
17_49 Normal Add-1/2 teaspoon of chat masala powder to the bowl is not in dict, therefore we assign it to Other
17_49 Normal Add-1/2 teaspoon of chat masala powder to the bowl is not in dict, therefore we assign it to Other
17_49 Normal Add-1/2 teaspoon of chat masala powder to the bowl is not in dict, therefore we assign it to Other
17_49 Normal Add-1/2 teaspoon of chat masala powder to the bowl is not in dict, therefore we assign it to Other
17_49 Normal Add-1/2 teaspoon of chat masala powder to the bowl is not in dict, therefore we assign it to Other
17_49 Normal Add-1/2 teaspoon of chat masala powder to the bowl is not in dict, therefore we assign it to Other
17_49 Normal Add-1/2 teaspoon of chat masala powder to the bowl is not in dict, therefore we assign it to Other
17_49 Normal Add-1/2 teaspoon of chat masala powder to the bowl is not in dict, therefore we assign it to Other
17_49 Normal Add-1/2 teaspoon of chat masala powder to the bowl is not in dict, therefore we assign it to Other
17_49 Normal Add-1/2 teaspoon of chat masala powder to the bowl is not in dict, therefore we assign it to Other
17_49 Normal Add-1/2 teaspoon of chat masala powder to the bowl is not in dict, therefore we assign it to Other
17_49 Normal Add-1/2 teaspoon of chat masala powder to the bowl is not in dict, therefore we assign it to Other
17_49 Normal Add-1/2 teaspoon of chat masala powder to the bowl is not in dict, therefore we assign it to Other
17_49 Normal Add-1/2 teaspoon of chat masala powder to the bowl is not in dict, therefore we assign it to Other
17_49 Normal Add-1/2 teaspoon of chat masala powder to the bowl is not in dict, therefore we assign it to Other
17_49 Normal Add-1/2 teaspoon of chat masala powder to the bowl is not in dict, therefore we assign it to Other
17_49 Normal Add-1/2 teaspoon of chat masala powder to the bowl is not in dict, therefore we assign it to Other
17_49 Normal Add-1/2 teaspoon of chat masala powder to the bowl is not in dict, therefore we assign it to Other
17_49 Normal Add-1/2 teaspoon of chat masala powder to the bowl is not in dict, therefore we assign it to Other
17_49 Normal Add-1/2 teaspoon of chat masala powder to the bowl is not in dict, therefore we assign it to Other
17_49 Normal Add-1/2 teaspoon of chat masala powder to the bowl is not in dict, therefore we assign it to Other
17_49 Normal Add-1/2 teaspoon of chat masala powder to the bowl is not in dict, therefore we assign it to Other
17_49 Normal Add-1/2 teaspoon of chat masala powder to the bowl is not in dict, therefore we assign it to Other
17_49 Normal Add-1/2 teaspoon of chat masala powder to the bowl is not in dict, therefore we assign it to Other
17_49 Normal Add-1/2 teaspoon of chat masala powder to the bowl is not in dict, therefore we assign it to Other
17_49 Normal Add-1/2 teaspoon of chat masala powder to the bowl is not in dict, therefore we assign it to Other
17_49 Normal Add-1/2 teaspoon of chat masala powder to the bowl is not in dict, therefore we assign it to Other
17_49 Normal Add-1/2 teaspoon of chat masala powder to the bowl is not in dict, therefore we assign it to Other
17_49 Normal Add-1/2 teaspoon of chat masala powder to the bowl is not in dict, therefore we assign it to Other
17_49 Normal Add-1/2 teaspoon of chat masala powder to the bowl is not in dict, therefore we assign it to Other
17_49 Normal Add-1/2 teaspoon of chat masala powder to the bowl is not in dict, therefore we assign it to Other
17_49 Normal Add-1/2 teaspoon of chat masala powder to the bowl is not in dict, therefore we assign it to Other
17_49 Normal Add-1/2 teaspoon of chat masala powder to the bowl is not in dict, therefore we assign it to Other
17_49 Normal Add-1/2 teaspoon of chat masala powder to the bowl is not in dict, therefore we assign it to Other
17_49 Normal Add-1/2 teaspoon of chat masala powder to the bowl is not in dict, therefore we assign it to Other
17_49 Normal Add-1/2 teaspoon of chat masala powder to the bowl is not in dict, therefore we assign it to Other
17_49 Normal Add-1/2 teaspoon of chat masala powder to the bowl is not in dict, therefore we assign it to Other
17_49 Normal Add-1/2 teaspoon of chat masala powder to the bowl is not in dict, therefore we assign it to Other
17_49 Normal Add-1/2 teaspoon of chat masala powder to the bowl is not in dict, therefore we assign it to Other
17_49 Normal Add-1/2 teaspoon of chat masala powder to the bowl is not in dict, therefore we assign it to Other
17_49 Normal Add-1/2 teaspoon of chat masala powder to the bowl is not in dict, therefore we assign it to Other
17_49 Normal Add-1/2 teaspoon of chat masala powder to the bowl is not in dict, therefore we assign it to Other
17_49 Normal Add-1/2 teaspoon of chat masala powder to the bowl is not in dict, therefore we assign it to Other
17_49 Normal Add-1/2 teaspoon of chat masala powder to the bowl is not in dict, therefore we assign it to Other
17_49 Normal Add-1/2 teaspoon of chat masala powder to the bowl is not in dict, therefore we assign it to Other
17_49 Normal Add-1/2 teaspoon of chat masala powder to the bowl is not in dict, therefore we assign it to Other
17_49 Normal Add-1/2 teaspoon of chat masala powder to the bowl is not in dict, therefore we assign it to Other
17_49 Normal Add-1/2 teaspoon of chat masala powder to the bowl is not in dict, therefore we assign it to Other
17_49 Normal Add-1/2 teaspoon of chat masala powder to the bowl is not in dict, therefore we assign it to Other
17_49 Normal Add-1/2 teaspoon of chat masala powder to the bowl is not in dict, therefore we assign it to Other
17_49 Normal Add-1/2 teaspoon of chat masala powder to the bowl is not in dict, therefore we assign it to Other
17_49 Normal Add-1/2 teaspoon of chat masala powder to the bowl is not in dict, therefore we assign it to Other
17_49 Normal Add-1/2 teaspoon of chat masala powder to the bowl is not in dict, therefore we assign it to Other
17_49 Normal Add-1/2 teaspoon of chat masala powder to the bowl is not in dict, therefore we assign it to Other
17_49 Normal Add-1/2 teaspoon of chat masala powder to the bowl is not in dict, therefore we assign it to Other
17_49 Normal Add-1/2 teaspoon of chat masala powder to the bowl is not in dict, therefore we assign it to Other
17_49 Normal Add-1/2 teaspoon of chat masala powder to the bowl is not in dict, therefore we assign it to Other
17_49 Normal Add-1/2 teaspoon of chat masala powder to the bowl is not in dict, therefore we assign it to Other
17_49 Normal Add-1/2 teaspoon of chat masala powder to the bowl is not in dict, therefore we assign it to Other
17_49 Normal Add-1/2 teaspoon of chat masala powder to the bowl is not in dict, therefore we assign it to Other
17_49 Normal Add-1/2 teaspoon of chat masala powder to the bowl is not in dict, therefore we assign it to Other
17_49 Normal Add-1/2 teaspoon of chat masala powder to the bowl is not in dict, therefore we assign it to Other
17_49 Normal Add-1/2 teaspoon of chat masala powder to the bowl is not in dict, therefore we assign it to Other
17_49 Normal Add-1/2 teaspoon of chat masala powder to the bowl is not in dict, therefore we assign it to Other
17_49 Normal Add-1/2 teaspoon of chat masala powder to the bowl is not in dict, therefore we assign it to Other
17_49 Normal Add-1/2 teaspoon of chat masala powder to the bowl is not in dict, therefore we assign it to Other
17_49 Normal Add-1/2 teaspoon of chat masala powder to the bowl is not in dict, therefore we assign it to Other
17_49 Normal Add-1/2 teaspoon of chat masala powder to the bowl is not in dict, therefore we assign it to Other
17_49 Normal Add-1/2 teaspoon of chat masala powder to the bowl is not in dict, therefore we assign it to Other
17_49 Normal Add-1/2 teaspoon of chat masala powder to the bowl is not in dict, therefore we assign it to Other
17_49 Normal Add-1/2 teaspoon of chat masala powder to the bowl is not in dict, therefore we assign it to Other
17_49 Normal Add-1/2 teaspoon of chat masala powder to the bowl is not in dict, therefore we assign it to Other
17_49 Normal Add-1/2 teaspoon of chat masala powder to the bowl is not in dict, therefore we assign it to Other
17_49 Normal Add-1/2 teaspoon of chat masala powder to the bowl is not in dict, therefore we assign it to Other
17_49 Normal Add-1/2 teaspoon of chat masala powder to the bowl is not in dict, therefore we assign it to Other
17_49 Normal Add-1/2 teaspoon of chat masala powder to the bowl is not in dict, therefore we assign it to Other
17_49 Normal Add-1/2 teaspoon of chat masala powder to the bowl is not in dict, therefore we assign it to Other
17_49 Normal Add-1/2 teaspoon of chat masala powder to the bowl is not in dict, therefore we assign it to Other
17_49 Normal Add-1/2 teaspoon of chat masala powder to the bowl is not in dict, therefore we assign it to Other
17_49 Normal Add-1/2 teaspoon of chat masala powder to the bowl is not in dict, therefore we assign it to Other
17_49 Normal Add-1/2 teaspoon of chat masala powder to the bowl is not in dict, therefore we assign it to Other
17_49 Normal Add-1/2 teaspoon of chat masala powder to the bowl is not in dict, therefore we assign it to Other
17_49 Normal Add-1/2 teaspoon of chat masala powder to the bowl is not in dict, therefore we assign it to Other
17_49 Normal Add-1/2 teaspoon of chat masala powder to the bowl is not in dict, therefore we assign it to Other
17_49 Normal Add-1/2 teaspoon of chat masala powder to the bowl is not in dict, therefore we assign it to Other
17_49 Normal Add-1/2 teaspoon of chat masala powder to the bowl is not in dict, therefore we assign it to Other
17_49 Normal Add-1/2 teaspoon of chat masala powder to the bowl is not in dict, therefore we assign it to Other
17_49 Normal Add-1/2 teaspoon of chat masala powder to the bowl is not in dict, therefore we assign it to Other
17_49 Normal Add-1/2 teaspoon of chat masala powder to the bowl is not in dict, therefore we assign it to Other
17_49 Normal Add-1/2 teaspoon of chat masala powder to the bowl is not in dict, therefore we assign it to Other
17_49 Normal Add-1/2 teaspoon of chat masala powder to the bowl is not in dict, therefore we assign it to Other
17_49 Normal Add-1/2 teaspoon of chat masala powder to the bowl is not in dict, therefore we assign it to Other
17_49 Normal Add-1/2 teaspoon of chat masala powder to the bowl is not in dict, therefore we assign it to Other
17_49 Normal Add-1/2 teaspoon of chat masala powder to the bowl is not in dict, therefore we assign it to Other
17_49 Normal Add-1/2 teaspoon of chat masala powder to the bowl is not in dict, therefore we assign it to Other
17_49 Normal Add-1/2 teaspoon of chat masala powder to the bowl is not in dict, therefore we assign it to Other
17_49 Normal Add-1/2 teaspoon of chat masala powder to the bowl is not in dict, therefore we assign it to Other
17_49 Normal Add-1/2 teaspoon of chat masala powder to the bowl is not in dict, therefore we assign it to Other
100%|██████████| 8/8 [00:00<00:00, 120.34it/s]
Ignore specific or non-exsting action type for error recognition: ['Normal', 'Other', 'Timing Error', 'Temperature Error']
Load from epoch 5
/gz-data/GTG2Vid/runner.py:394: RuntimeWarning: invalid value encountered in divide
  r = tp / float(tp+fn)
/gz-data/GTG2Vid/runner.py:393: RuntimeWarning: invalid value encountered in divide
  p = tp / float(tp+fp)
Evalutation Done...
